// Jest Snapshot v1, https://goo.gl/fbAQLP

exports[`Pruebas en elemento react debe mostrar <PrimeraApp /> correctamente 1`] = `
<Fragment>
  <h1>
    Hola, Soy Goku
    ¡¡¡
  </h1>
  <p />
</Fragment>
`;
