// Jest Snapshot v1, https://goo.gl/fbAQLP

exports[`Pruebas en <AppRouter /> Debe de mostrarse correctamente 1`] = `
<div>
  <nav
    className="navbar navbar-expand-lg navbar-dark bg-dark"
  >
    <a
      className="navbar-brand"
      href="/"
      onClick={[Function]}
    >
      useContext
    </a>
    <a
      aria-current="page"
      className="nav-item nav-link active"
      href="/"
      onClick={[Function]}
      style={
        Object {
          "color": "white",
          "textDecoration": "underline",
        }
      }
    >
      Home
    </a>
    <a
      className="nav-item nav-link"
      href="/login"
      onClick={[Function]}
    >
      Login
    </a>
    <a
      className="nav-item nav-link"
      href="/about"
      onClick={[Function]}
    >
      About
    </a>
  </nav>
  <div
    className="container"
  >
    <div>
      <h1>
        HomeScreen
      </h1>
      <hr />
      <pre />
    </div>
  </div>
</div>
`;
