// Jest Snapshot v1, https://goo.gl/fbAQLP

exports[`Pruebas en <HookApp /> Debe mostrar correctamente el componente 1`] = `
<div>
  <h1>
    HookApp
  </h1>
</div>
`;
