// Jest Snapshot v1, https://goo.gl/fbAQLP

exports[`Pruebas en <AppRouter /> Debe de mostrar el componente de Marvel si esta autenticado 1`] = `
Array [
  <nav
    className="navbar navbar-expand-sm navbar-dark bg-dark"
  >
    <a
      className="navbar-brand"
      href="/"
      onClick={[Function]}
    >
      Asociaciones
    </a>
    <div
      className="navbar-collapse"
    >
      <div
        className="navbar-nav"
      >
        <a
          className="nav-item nav-linkfalse"
          href="/marvel"
          onClick={[Function]}
        >
          Marvel
        </a>
        <a
          className="nav-item nav-linkfalse"
          href="/dc"
          onClick={[Function]}
        >
          DC
        </a>
        <a
          className="nav-item nav-linkfalse"
          href="/search"
          onClick={[Function]}
        >
          Search
        </a>
      </div>
    </div>
    <div
      className="navbar-collapse collapse w-100 order-3 dual-collapse2 d-flex justify-content-end"
    >
      <ul
        className="navbar-nav ml-auto"
      >
        <span
          className="nav-item nav-link text-info"
        >
          Pepe
        </span>
        <button
          className="nav-item nav-link btn"
          onClick={[Function]}
        >
          Logout
        </button>
      </ul>
    </div>
  </nav>,
  <div
    className="container"
  >
    <div>
      <h1>
        MarvelScreen
      </h1>
      <div
        className="row rows-cols-1 row-cols-md-3 g-3 animate__animated animate__pulse"
      >
        <div
          className="col animate__animated animate__pulse"
        >
          <div
            className="card"
          >
            <div
              className="row no-gutters "
            >
              <div
                className="col-4"
              >
                <img
                  alt="Spider Man"
                  className="card-img "
                  src="assets/marvel-spider.jpg"
                />
              </div>
              <div
                className="col-8"
              >
                <div
                  className="card-body"
                >
                  <h5
                    className="card-title"
                  >
                    Spider Man
                  </h5>
                  <p
                    className="card-text"
                  />
                  <p
                    className="text-muted"
                  >
                    Peter Parker
                  </p>
                  <p
                    className="card-text"
                  >
                    <small
                      className="text-muted"
                    />
                  </p>
                  <a
                    href="/hero/marvel-spider"
                    onClick={[Function]}
                  >
                    Más...
                  </a>
                </div>
              </div>
            </div>
          </div>
        </div>
        <div
          className="col animate__animated animate__pulse"
        >
          <div
            className="card"
          >
            <div
              className="row no-gutters "
            >
              <div
                className="col-4"
              >
                <img
                  alt="Captain America"
                  className="card-img "
                  src="assets/marvel-captain.jpg"
                />
              </div>
              <div
                className="col-8"
              >
                <div
                  className="card-body"
                >
                  <h5
                    className="card-title"
                  >
                    Captain America
                  </h5>
                  <p
                    className="card-text"
                  />
                  <p
                    className="text-muted"
                  >
                    Steve Rogers
                  </p>
                  <p
                    className="card-text"
                  >
                    <small
                      className="text-muted"
                    />
                  </p>
                  <a
                    href="/hero/marvel-captain"
                    onClick={[Function]}
                  >
                    Más...
                  </a>
                </div>
              </div>
            </div>
          </div>
        </div>
        <div
          className="col animate__animated animate__pulse"
        >
          <div
            className="card"
          >
            <div
              className="row no-gutters "
            >
              <div
                className="col-4"
              >
                <img
                  alt="Iron Man"
                  className="card-img "
                  src="assets/marvel-iron.jpg"
                />
              </div>
              <div
                className="col-8"
              >
                <div
                  className="card-body"
                >
                  <h5
                    className="card-title"
                  >
                    Iron Man
                  </h5>
                  <p
                    className="card-text"
                  />
                  <p
                    className="text-muted"
                  >
                    Tony Stark
                  </p>
                  <p
                    className="card-text"
                  >
                    <small
                      className="text-muted"
                    />
                  </p>
                  <a
                    href="/hero/marvel-iron"
                    onClick={[Function]}
                  >
                    Más...
                  </a>
                </div>
              </div>
            </div>
          </div>
        </div>
        <div
          className="col animate__animated animate__pulse"
        >
          <div
            className="card"
          >
            <div
              className="row no-gutters "
            >
              <div
                className="col-4"
              >
                <img
                  alt="Thor"
                  className="card-img "
                  src="assets/marvel-thor.jpg"
                />
              </div>
              <div
                className="col-8"
              >
                <div
                  className="card-body"
                >
                  <h5
                    className="card-title"
                  >
                    Thor
                  </h5>
                  <p
                    className="card-text"
                  />
                  <p
                    className="text-muted"
                  >
                    Thor Odinson
                  </p>
                  <p
                    className="card-text"
                  >
                    <small
                      className="text-muted"
                    />
                  </p>
                  <a
                    href="/hero/marvel-thor"
                    onClick={[Function]}
                  >
                    Más...
                  </a>
                </div>
              </div>
            </div>
          </div>
        </div>
        <div
          className="col animate__animated animate__pulse"
        >
          <div
            className="card"
          >
            <div
              className="row no-gutters "
            >
              <div
                className="col-4"
              >
                <img
                  alt="Hulk"
                  className="card-img "
                  src="assets/marvel-hulk.jpg"
                />
              </div>
              <div
                className="col-8"
              >
                <div
                  className="card-body"
                >
                  <h5
                    className="card-title"
                  >
                    Hulk
                  </h5>
                  <p
                    className="card-text"
                  />
                  <p
                    className="text-muted"
                  >
                    Bruce Banner
                  </p>
                  <p
                    className="card-text"
                  >
                    <small
                      className="text-muted"
                    />
                  </p>
                  <a
                    href="/hero/marvel-hulk"
                    onClick={[Function]}
                  >
                    Más...
                  </a>
                </div>
              </div>
            </div>
          </div>
        </div>
        <div
          className="col animate__animated animate__pulse"
        >
          <div
            className="card"
          >
            <div
              className="row no-gutters "
            >
              <div
                className="col-4"
              >
                <img
                  alt="Wolverine"
                  className="card-img "
                  src="assets/marvel-wolverine.jpg"
                />
              </div>
              <div
                className="col-8"
              >
                <div
                  className="card-body"
                >
                  <h5
                    className="card-title"
                  >
                    Wolverine
                  </h5>
                  <p
                    className="card-text"
                  />
                  <p
                    className="text-muted"
                  >
                    James Howlett
                  </p>
                  <p
                    className="card-text"
                  >
                    <small
                      className="text-muted"
                    />
                  </p>
                  <a
                    href="/hero/marvel-wolverine"
                    onClick={[Function]}
                  >
                    Más...
                  </a>
                </div>
              </div>
            </div>
          </div>
        </div>
        <div
          className="col animate__animated animate__pulse"
        >
          <div
            className="card"
          >
            <div
              className="row no-gutters "
            >
              <div
                className="col-4"
              >
                <img
                  alt="Daredevil"
                  className="card-img "
                  src="assets/marvel-daredevil.jpg"
                />
              </div>
              <div
                className="col-8"
              >
                <div
                  className="card-body"
                >
                  <h5
                    className="card-title"
                  >
                    Daredevil
                  </h5>
                  <p
                    className="card-text"
                  />
                  <p
                    className="text-muted"
                  >
                    Matthew Michael Murdock
                  </p>
                  <p
                    className="card-text"
                  >
                    <small
                      className="text-muted"
                    />
                  </p>
                  <a
                    href="/hero/marvel-daredevil"
                    onClick={[Function]}
                  >
                    Más...
                  </a>
                </div>
              </div>
            </div>
          </div>
        </div>
        <div
          className="col animate__animated animate__pulse"
        >
          <div
            className="card"
          >
            <div
              className="row no-gutters "
            >
              <div
                className="col-4"
              >
                <img
                  alt="Hawkeye"
                  className="card-img "
                  src="assets/marvel-hawkeye.jpg"
                />
              </div>
              <div
                className="col-8"
              >
                <div
                  className="card-body"
                >
                  <h5
                    className="card-title"
                  >
                    Hawkeye
                  </h5>
                  <p
                    className="card-text"
                  />
                  <p
                    className="text-muted"
                  >
                    Clinton Francis Barton
                  </p>
                  <p
                    className="card-text"
                  >
                    <small
                      className="text-muted"
                    />
                  </p>
                  <a
                    href="/hero/marvel-hawkeye"
                    onClick={[Function]}
                  >
                    Más...
                  </a>
                </div>
              </div>
            </div>
          </div>
        </div>
        <div
          className="col animate__animated animate__pulse"
        >
          <div
            className="card"
          >
            <div
              className="row no-gutters "
            >
              <div
                className="col-4"
              >
                <img
                  alt="Cyclops"
                  className="card-img "
                  src="assets/marvel-cyclops.jpg"
                />
              </div>
              <div
                className="col-8"
              >
                <div
                  className="card-body"
                >
                  <h5
                    className="card-title"
                  >
                    Cyclops
                  </h5>
                  <p
                    className="card-text"
                  />
                  <p
                    className="text-muted"
                  >
                    Scott Summers
                  </p>
                  <p
                    className="card-text"
                  >
                    <small
                      className="text-muted"
                    />
                  </p>
                  <a
                    href="/hero/marvel-cyclops"
                    onClick={[Function]}
                  >
                    Más...
                  </a>
                </div>
              </div>
            </div>
          </div>
        </div>
        <div
          className="col animate__animated animate__pulse"
        >
          <div
            className="card"
          >
            <div
              className="row no-gutters "
            >
              <div
                className="col-4"
              >
                <img
                  alt="Silver Surfer"
                  className="card-img "
                  src="assets/marvel-silver.jpg"
                />
              </div>
              <div
                className="col-8"
              >
                <div
                  className="card-body"
                >
                  <h5
                    className="card-title"
                  >
                    Silver Surfer
                  </h5>
                  <p
                    className="card-text"
                  />
                  <p
                    className="text-muted"
                  >
                    Norrin Radd
                  </p>
                  <p
                    className="card-text"
                  >
                    <small
                      className="text-muted"
                    />
                  </p>
                  <a
                    href="/hero/marvel-silver"
                    onClick={[Function]}
                  >
                    Más...
                  </a>
                </div>
              </div>
            </div>
          </div>
        </div>
      </div>
    </div>
  </div>,
]
`;

exports[`Pruebas en <AppRouter /> Debe de mostrar el login si no esta autenticado 1`] = `
<div
  className="container mt-5"
>
  <h1>
    LoginScreen
  </h1>
  <hr />
  <button
    className="btn btn-primary"
    onClick={[Function]}
  >
    Login
  </button>
</div>
`;
